---
source: tearchan-gfx/src/batch/v2/buffer.rs
expression: convert_events(&mut allocator)

---
[
    ReallocateAll {
        pairs: [
            BatchBufferAllocatorReallocPair {
                from: BatchBufferPointer {
                    first: 12,
                    len: 1,
                },
                to: BatchBufferPointer {
                    first: 0,
                    len: 1,
                },
            },
            BatchBufferAllocatorReallocPair {
                from: BatchBufferPointer {
                    first: 5,
                    len: 3,
                },
                to: BatchBufferPointer {
                    first: 1,
                    len: 3,
                },
            },
            BatchBufferAllocatorReallocPair {
                from: BatchBufferPointer {
                    first: 8,
                    len: 4,
                },
                to: BatchBufferPointer {
                    first: 4,
                    len: 4,
                },
            },
            BatchBufferAllocatorReallocPair {
                from: BatchBufferPointer {
                    first: 0,
                    len: 5,
                },
                to: BatchBufferPointer {
                    first: 8,
                    len: 5,
                },
            },
        ],
    },
    Write(
        BatchBufferPointer {
            first: 0,
            len: 1,
        },
    ),
    Write(
        BatchBufferPointer {
            first: 1,
            len: 3,
        },
    ),
    Write(
        BatchBufferPointer {
            first: 4,
            len: 4,
        },
    ),
    Write(
        BatchBufferPointer {
            first: 8,
            len: 5,
        },
    ),
]
