---
source: tearchan-gfx/src/batch/v2/buffer.rs
expression: convert_events(&mut allocator)

---
[
    Clear(
        BatchBufferPointer {
            first: 0,
            len: 1,
        },
    ),
    Write(
        BatchBufferPointer {
            first: 1,
            len: 5,
        },
    ),
]
